GAMS 35.1.0  r82a9585 Released Apr 29, 2021 WEX-WEI x86 64bit/MS Windows - 12/01/21 19:56:53 Page 1
G e n e r a l   A l g e b r a i c   M o d e l i n g   S y s t e m
C o m p i l a t i o n


   1  sets
   2      i streams /A, B, C, D/
   3      j exchangers /1*4/  ;
   4   
   5  table c(i,j) cost of assigning stream i to exchanger j
   6      1   2   3   4
   7  A   94  1   54  68
   8  B   74  10  88  82
   9  C   73  88  8   76
  10  D   11  74  81  21  ;
  11   
  12  Variables
  13  x(i,j), z;
  14  binary variables
  15  x(i,j);
  16   
  17  Equations ass_i(j), ass_j(i), obj   ;
  18   
  19  ass_i(j).. sum(i, x(i,j)) =e= 1;
  20  ass_j(i).. sum(j, x(i,j)) =e= 1;
  21  obj.. z =e= sum((i,j), c(i,j)*x(i,j))   ;
  22   
  23  model assignment_problem /ALL/  ;
  24   
  25  solve assignment_problem using mip minimizing z;
  26  display x.l, z.l;


COMPILATION TIME     =        0.000 SECONDS      3 MB  35.1.0 r82a9585 WEX-WEI
GAMS 35.1.0  r82a9585 Released Apr 29, 2021 WEX-WEI x86 64bit/MS Windows - 12/01/21 19:56:53 Page 2
G e n e r a l   A l g e b r a i c   M o d e l i n g   S y s t e m
Equation Listing    SOLVE assignment_problem Using MIP From line 25


---- ass_i  =E=  

ass_i(1)..  x(A,1) + x(B,1) + x(C,1) + x(D,1) =E= 1 ; (LHS = 0, INFES = 1 ****)
     
ass_i(2)..  x(A,2) + x(B,2) + x(C,2) + x(D,2) =E= 1 ; (LHS = 0, INFES = 1 ****)
     
ass_i(3)..  x(A,3) + x(B,3) + x(C,3) + x(D,3) =E= 1 ; (LHS = 0, INFES = 1 ****)
     
REMAINING ENTRY SKIPPED


---- ass_j  =E=  

ass_j(A)..  x(A,1) + x(A,2) + x(A,3) + x(A,4) =E= 1 ; (LHS = 0, INFES = 1 ****)
     
ass_j(B)..  x(B,1) + x(B,2) + x(B,3) + x(B,4) =E= 1 ; (LHS = 0, INFES = 1 ****)
     
ass_j(C)..  x(C,1) + x(C,2) + x(C,3) + x(C,4) =E= 1 ; (LHS = 0, INFES = 1 ****)
     
REMAINING ENTRY SKIPPED


---- obj  =E=  

obj..  - 94*x(A,1) - x(A,2) - 54*x(A,3) - 68*x(A,4) - 74*x(B,1) - 10*x(B,2) - 88*x(B,3) - 82*x(B,4) - 73*x(C,1) - 88*x(C,2) - 8*x(C,3) - 76*x(C,4) - 11*x(D,1) - 74*x(D,2) - 81*x(D,3) - 21*x(D,4) + z =E= 0 ; (LHS = 0)
     
GAMS 35.1.0  r82a9585 Released Apr 29, 2021 WEX-WEI x86 64bit/MS Windows - 12/01/21 19:56:53 Page 3
G e n e r a l   A l g e b r a i c   M o d e l i n g   S y s t e m
Column Listing      SOLVE assignment_problem Using MIP From line 25


---- x  

x(A,1)
                (.LO, .L, .UP, .M = 0, 0, 1, 0)
        1       ass_i(1)
        1       ass_j(A)
      -94       obj

x(A,2)
                (.LO, .L, .UP, .M = 0, 0, 1, 0)
        1       ass_i(2)
        1       ass_j(A)
       -1       obj

x(A,3)
                (.LO, .L, .UP, .M = 0, 0, 1, 0)
        1       ass_i(3)
        1       ass_j(A)
      -54       obj

REMAINING 13 ENTRIES SKIPPED

---- z  

z
                (.LO, .L, .UP, .M = -INF, 0, +INF, 0)
        1       obj

GAMS 35.1.0  r82a9585 Released Apr 29, 2021 WEX-WEI x86 64bit/MS Windows - 12/01/21 19:56:53 Page 4
G e n e r a l   A l g e b r a i c   M o d e l i n g   S y s t e m
Model Statistics    SOLVE assignment_problem Using MIP From line 25


MODEL STATISTICS

BLOCKS OF EQUATIONS           3     SINGLE EQUATIONS            9
BLOCKS OF VARIABLES           2     SINGLE VARIABLES           17
NON ZERO ELEMENTS            49     DISCRETE VARIABLES         16


GENERATION TIME      =        0.016 SECONDS      4 MB  35.1.0 r82a9585 WEX-WEI
GAMS 35.1.0  r82a9585 Released Apr 29, 2021 WEX-WEI x86 64bit/MS Windows - 12/01/21 19:56:53 Page 5
G e n e r a l   A l g e b r a i c   M o d e l i n g   S y s t e m
Solution Report     SOLVE assignment_problem Using MIP From line 25


               S O L V E      S U M M A R Y

     MODEL   assignment_problem   OBJECTIVE  z
     TYPE    MIP                  DIRECTION  MINIMIZE
     SOLVER  CPLEX                FROM LINE  25

**** SOLVER STATUS     1 Normal Completion         
**** MODEL STATUS      1 Optimal                   
**** OBJECTIVE VALUE               97.0000

 RESOURCE USAGE, LIMIT          0.016 10000000000.000
 ITERATION COUNT, LIMIT         3    2147483647
--- *** This solver runs with a community license. No commercial use.
--- GMO memory 0.50 Mb (peak 0.50 Mb)
--- Dictionary memory 0.00 Mb
--- Cplex 20.1.0.1 link memory 0.00 Mb (peak 0.00 Mb)
--- Starting Cplex


--- MIP status (101): integer optimal solution.
--- Cplex Time: 0.02sec (det. 0.10 ticks)

--- Fixing integer variables and solving final LP...


--- Fixed MIP status (1): optimal.
--- Cplex Time: 0.00sec (det. 0.01 ticks)


Proven optimal solution
MIP Solution:           97.000000    (3 iterations, 0 nodes)
Final Solve:            97.000000    (0 iterations)

Best possible:          97.000000
Absolute gap:            0.000000
Relative gap:            0.000000


---- EQU ass_i  

         LOWER          LEVEL          UPPER         MARGINAL

1         1.0000         1.0000         1.0000          .          
2         1.0000         1.0000         1.0000          .          
3         1.0000         1.0000         1.0000          .          
4         1.0000         1.0000         1.0000          .          

---- EQU ass_j  

         LOWER          LEVEL          UPPER         MARGINAL

A         1.0000         1.0000         1.0000          .          
B         1.0000         1.0000         1.0000          .          
C         1.0000         1.0000         1.0000          .          
D         1.0000         1.0000         1.0000          .          

                           LOWER          LEVEL          UPPER         MARGINAL

---- EQU obj                 .              .              .             1.0000      

---- VAR x  

           LOWER          LEVEL          UPPER         MARGINAL

A.1          .              .             1.0000        94.0000      
A.2          .              .             1.0000         1.0000      
A.3          .              .             1.0000        54.0000      
A.4          .             1.0000         1.0000        68.0000      
B.1          .              .             1.0000        74.0000      
B.2          .             1.0000         1.0000        10.0000      
B.3          .              .             1.0000        88.0000      
B.4          .              .             1.0000        82.0000      
C.1          .              .             1.0000        73.0000      
C.2          .              .             1.0000        88.0000      
C.3          .             1.0000         1.0000         8.0000      
C.4          .              .             1.0000        76.0000      
D.1          .             1.0000         1.0000        11.0000      
D.2          .              .             1.0000        74.0000      
D.3          .              .             1.0000        81.0000      
D.4          .              .             1.0000        21.0000      

                           LOWER          LEVEL          UPPER         MARGINAL

---- VAR z                 -INF           97.0000        +INF             .          


**** REPORT SUMMARY :        0     NONOPT
                             0 INFEASIBLE
                             0  UNBOUNDED
GAMS 35.1.0  r82a9585 Released Apr 29, 2021 WEX-WEI x86 64bit/MS Windows - 12/01/21 19:56:53 Page 6
G e n e r a l   A l g e b r a i c   M o d e l i n g   S y s t e m
E x e c u t i o n


----     26 VARIABLE x.L  

            1           2           3           4

A                                           1.000
B                   1.000
C                               1.000
D       1.000


----     26 VARIABLE z.L                   =       97.000  


EXECUTION TIME       =        0.219 SECONDS      4 MB  35.1.0 r82a9585 WEX-WEI


USER: GAMS Community License for Mehmet Semih BabacanG210511|0002AO-GEN
      Yildiz Technical University                                CL1316
      License for teaching and research at degree granting institutions


**** FILE SUMMARY

Input      C:\Users\Semih\Desktop\GAMS CALISMA\hasan_gams\2_assignment_problem.gms
Output     C:\Users\Semih\Desktop\GAMS CALISMA\hasan_gams\2_assignment_problem.lst
